<html>
<body>
<pre>
<h1>µVision Build Log</h1>
<h2>Tool Versions:</h2>
IDE-Version: ¦ÌVision V5.16a
Copyright (C) 2015 ARM Ltd and ARM Germany GmbH. All rights reserved.
License Information: 53513 5, 153, LIC=PE7BS-LZ3JI-VDIKA-10Q1X-UZXPA-7RWDJ
 
Tool Versions:
Toolchain:       MDK-ARM Standard  Version: 5.16a
Toolchain Path:  D:\keil\ARM\ARMCC\Bin
C Compiler:      Armcc.exe V5.06 (build 20)
Assembler:       Armasm.exe V5.06 (build 20)
Linker/Locator:  ArmLink.exe V5.06 (build 20)
Library Manager: ArmAr.exe V5.06 (build 20)
Hex Converter:   FromElf.exe V5.06 (build 20)
CPU DLL:         SARMCM3.DLL V5.16a
Dialog DLL:      DARMSTM.DLL V1.65.0.0
Target DLL:      Segger\JL2CM3.dll V2.99.15.2
Dialog DLL:      TARMSTM.DLL V1.64.0.0
 
<h2>Project:</h2>
E:\stm32\F103\f103\c51-FY70-8048-65KÈ«¹¦ÄÜ\stm32\65KÏµÁÐstm32F103VCT6-×Ö¿â+´¥Ãþ\stm32F103VCT6+GL21×Ö¿â+´¥Ãþ\stm32F103VCT6+GL21×Ö¿â+´¥Ãþ\Project\Template\RVMDK\Project.uvproj
Project File Date:  11/14/2015

<h2>Output:</h2>
*** Using Compiler 'V5.06 (build 20)', folder: 'D:\keil\ARM\ARMCC\Bin'
Build target 'STM3210B-EVAL'
compiling main.c...
linking...
Program Size: Code=3148 RO-data=268 RW-data=6908 ZI-data=1028  
FromELF: creating hex file...
".\Obj\STM3210B-EVAL.axf" - 0 Error(s), 0 Warning(s).
Build Time Elapsed:  00:00:01
</pre>
</body>
</html>
