Component: ARM Compiler 5.06 (build 20) Tool: armlink [4d35a3]

==============================================================================

Section Cross References

    stm32f10x_it.o(i.TIM2_IRQHandler) refers to stm32f10x_tim.o(i.TIM_GetITStatus) for TIM_GetITStatus
    stm32f10x_it.o(i.TIM2_IRQHandler) refers to stm32f10x_tim.o(i.TIM_ClearITPendingBit) for TIM_ClearITPendingBit
    main.o(i.GPIO_Config) refers to stm32f10x_gpio.o(i.GPIO_Init) for GPIO_Init
    main.o(i.RCC_Configuration) refers to system_stm32f10x.o(i.SystemInit) for SystemInit
    main.o(i.main) refers to system_stm32f10x.o(i.SystemInit) for SystemInit
    main.o(i.main) refers to stm32f10x_rcc.o(i.RCC_APB2PeriphClockCmd) for RCC_APB2PeriphClockCmd
    main.o(i.main) refers to 25vf.o(i.spi_init) for spi_init
    main.o(i.main) refers to main.o(i.GPIO_Config) for GPIO_Config
    main.o(i.main) refers to touch.o(i.touch_Init) for touch_Init
    main.o(i.main) refers to glcd.o(i.GLCD_init) for GLCD_init
    main.o(i.main) refers to glcd.o(i.GLCD_clear) for GLCD_clear
    main.o(i.main) refers to glcd.o(i.GLCD_displayStringLn) for GLCD_displayStringLn
    main.o(i.main) refers to glcd.o(i.FY_lcd_SetCursor) for FY_lcd_SetCursor
    main.o(i.main) refers to glcd.o(i.FY_lcd_Test) for FY_lcd_Test
    main.o(i.main) refers to glcd.o(i.DrawString) for DrawString
    main.o(i.main) refers to stm32f10x_gpio.o(i.GPIO_ReadInputDataBit) for GPIO_ReadInputDataBit
    main.o(i.main) refers to touch.o(i.touch_GetAdXY) for touch_GetAdXY
    main.o(i.main) refers to glcd.o(i.DispNum) for DispNum
    25vf.o(i.Read_25) refers to stm32f10x_gpio.o(i.GPIO_ResetBits) for GPIO_ResetBits
    25vf.o(i.Read_25) refers to 25vf.o(i.SPI_WriteByte) for SPI_WriteByte
    25vf.o(i.Read_25) refers to stm32f10x_gpio.o(i.GPIO_SetBits) for GPIO_SetBits
    25vf.o(i.SPI_WriteByte) refers to stm32f10x_spi.o(i.SPI_I2S_GetFlagStatus) for SPI_I2S_GetFlagStatus
    25vf.o(i.SPI_WriteByte) refers to stm32f10x_spi.o(i.SPI_I2S_SendData) for SPI_I2S_SendData
    25vf.o(i.SPI_WriteByte) refers to stm32f10x_spi.o(i.SPI_I2S_ReceiveData) for SPI_I2S_ReceiveData
    25vf.o(i.spi_init) refers to stm32f10x_rcc.o(i.RCC_APB2PeriphClockCmd) for RCC_APB2PeriphClockCmd
    25vf.o(i.spi_init) refers to stm32f10x_gpio.o(i.GPIO_Init) for GPIO_Init
    25vf.o(i.spi_init) refers to stm32f10x_spi.o(i.SPI_Init) for SPI_Init
    25vf.o(i.spi_init) refers to stm32f10x_spi.o(i.SPI_Cmd) for SPI_Cmd
    glcd.o(i.DispNum) refers to glcd.o(i.DrawString) for DrawString
    glcd.o(i.DrawSingleAscii) refers to glcd.o(i.FY_lcd_SetCursor) for FY_lcd_SetCursor
    glcd.o(i.DrawSingleAscii) refers to glcd.o(.data) for .data
    glcd.o(i.DrawSingleHz) refers to 25vf.o(i.Read_25) for Read_25
    glcd.o(i.DrawSingleHz) refers to glcd.o(i.FY_lcd_SetCursor) for FY_lcd_SetCursor
    glcd.o(i.DrawString) refers to glcd.o(i.DrawSingleHz) for DrawSingleHz
    glcd.o(i.DrawString) refers to glcd.o(i.DrawSingleAscii) for DrawSingleAscii
    glcd.o(i.FY_lcd_BackLight) refers to glcd.o(i.FYlcd_set_ctrl) for FYlcd_set_ctrl
    glcd.o(i.FY_lcd_BackLight) refers to glcd.o(.data) for .data
    glcd.o(i.FY_lcd_Clear) refers to glcd.o(i.wr_reg) for wr_reg
    glcd.o(i.FY_lcd_GetPoint) refers to glcd.o(i.FY_lcd_SetCursor) for FY_lcd_SetCursor
    glcd.o(i.FY_lcd_SetCursor) refers to glcd.o(i.wr_reg) for wr_reg
    glcd.o(i.FY_lcd_SetPoint) refers to glcd.o(i.FY_lcd_SetCursor) for FY_lcd_SetCursor
    glcd.o(i.FY_lcd_SetWindows) refers to glcd.o(i.FY_lcd_SetCursor) for FY_lcd_SetCursor
    glcd.o(i.FY_lcd_SetWindows) refers to glcd.o(i.wr_reg) for wr_reg
    glcd.o(i.FYlcd_set_ctrl) refers to glcd.o(i.wr_reg) for wr_reg
    glcd.o(i.GLCD_bitmap) refers to glcd.o(i.wr_reg) for wr_reg
    glcd.o(i.GLCD_clear) refers to glcd.o(i.wr_reg) for wr_reg
    glcd.o(i.GLCD_clearLn) refers to glcd.o(i.GLCD_displayStringLn) for GLCD_displayStringLn
    glcd.o(i.GLCD_displayChar) refers to glcd.o(i.GLCD_drawChar) for GLCD_drawChar
    glcd.o(i.GLCD_displayChar) refers to glcd.o(.data) for .data
    glcd.o(i.GLCD_displayStringLn) refers to glcd.o(i.GLCD_displayChar) for GLCD_displayChar
    glcd.o(i.GLCD_drawChar) refers to glcd.o(i.wr_reg) for wr_reg
    glcd.o(i.GLCD_drawChar) refers to glcd.o(.data) for .data
    glcd.o(i.GLCD_init) refers to glcd.o(i.FY_lcd_BackLight) for FY_lcd_BackLight
    glcd.o(i.GLCD_init) refers to glcd.o(i.wr_reg) for wr_reg
    glcd.o(i.GLCD_init) refers to glcd.o(.data) for .data
    glcd.o(i.GLCD_setBackColor) refers to glcd.o(.data) for .data
    glcd.o(i.GLCD_setTextColor) refers to glcd.o(.data) for .data
    touch.o(i.TPReadX) refers to stm32f10x_gpio.o(i.GPIO_ResetBits) for GPIO_ResetBits
    touch.o(i.TPReadX) refers to touch.o(i.SpiDelay) for SpiDelay
    touch.o(i.TPReadX) refers to 25vf.o(i.SPI_WriteByte) for SPI_WriteByte
    touch.o(i.TPReadX) refers to stm32f10x_gpio.o(i.GPIO_SetBits) for GPIO_SetBits
    touch.o(i.TPReadY) refers to stm32f10x_gpio.o(i.GPIO_ResetBits) for GPIO_ResetBits
    touch.o(i.TPReadY) refers to touch.o(i.SpiDelay) for SpiDelay
    touch.o(i.TPReadY) refers to 25vf.o(i.SPI_WriteByte) for SPI_WriteByte
    touch.o(i.TPReadY) refers to stm32f10x_gpio.o(i.GPIO_SetBits) for GPIO_SetBits
    touch.o(i.touch_GetAdXY) refers to touch.o(i.TPReadX) for TPReadX
    touch.o(i.touch_GetAdXY) refers to touch.o(i.TPReadY) for TPReadY
    touch.o(i.touch_Init) refers to stm32f10x_gpio.o(i.GPIO_SetBits) for GPIO_SetBits
    stm32f10x_rcc.o(i.RCC_GetClocksFreq) refers to stm32f10x_rcc.o(.data) for .data
    stm32f10x_rcc.o(i.RCC_WaitForHSEStartUp) refers to stm32f10x_rcc.o(i.RCC_GetFlagStatus) for RCC_GetFlagStatus
    stm32f10x_gpio.o(i.GPIO_AFIODeInit) refers to stm32f10x_rcc.o(i.RCC_APB2PeriphResetCmd) for RCC_APB2PeriphResetCmd
    stm32f10x_gpio.o(i.GPIO_DeInit) refers to stm32f10x_rcc.o(i.RCC_APB2PeriphResetCmd) for RCC_APB2PeriphResetCmd
    stm32f10x_adc.o(i.ADC_DeInit) refers to stm32f10x_rcc.o(i.RCC_APB2PeriphResetCmd) for RCC_APB2PeriphResetCmd
    stm32f10x_bkp.o(i.BKP_DeInit) refers to stm32f10x_rcc.o(i.RCC_BackupResetCmd) for RCC_BackupResetCmd
    stm32f10x_can.o(i.CAN_DeInit) refers to stm32f10x_rcc.o(i.RCC_APB1PeriphResetCmd) for RCC_APB1PeriphResetCmd
    stm32f10x_can.o(i.CAN_GetITStatus) refers to stm32f10x_can.o(i.CheckITStatus) for CheckITStatus
    stm32f10x_can.o(i.CAN_Receive) refers to stm32f10x_can.o(i.CAN_FIFORelease) for CAN_FIFORelease
    stm32f10x_dac.o(i.DAC_DeInit) refers to stm32f10x_rcc.o(i.RCC_APB1PeriphResetCmd) for RCC_APB1PeriphResetCmd
    stm32f10x_flash.o(i.FLASH_EnableWriteProtection) refers to stm32f10x_flash.o(i.FLASH_WaitForLastOperation) for FLASH_WaitForLastOperation
    stm32f10x_flash.o(i.FLASH_EraseAllPages) refers to stm32f10x_flash.o(i.FLASH_WaitForLastOperation) for FLASH_WaitForLastOperation
    stm32f10x_flash.o(i.FLASH_EraseOptionBytes) refers to stm32f10x_flash.o(i.FLASH_WaitForLastOperation) for FLASH_WaitForLastOperation
    stm32f10x_flash.o(i.FLASH_ErasePage) refers to stm32f10x_flash.o(i.FLASH_WaitForLastOperation) for FLASH_WaitForLastOperation
    stm32f10x_flash.o(i.FLASH_ProgramHalfWord) refers to stm32f10x_flash.o(i.FLASH_WaitForLastOperation) for FLASH_WaitForLastOperation
    stm32f10x_flash.o(i.FLASH_ProgramOptionByteData) refers to stm32f10x_flash.o(i.FLASH_WaitForLastOperation) for FLASH_WaitForLastOperation
    stm32f10x_flash.o(i.FLASH_ProgramWord) refers to stm32f10x_flash.o(i.FLASH_WaitForLastOperation) for FLASH_WaitForLastOperation
    stm32f10x_flash.o(i.FLASH_ReadOutProtection) refers to stm32f10x_flash.o(i.FLASH_WaitForLastOperation) for FLASH_WaitForLastOperation
    stm32f10x_flash.o(i.FLASH_UserOptionByteConfig) refers to stm32f10x_flash.o(i.FLASH_WaitForLastOperation) for FLASH_WaitForLastOperation
    stm32f10x_flash.o(i.FLASH_WaitForLastOperation) refers to stm32f10x_flash.o(i.FLASH_GetStatus) for FLASH_GetStatus
    stm32f10x_i2c.o(i.I2C_DeInit) refers to stm32f10x_rcc.o(i.RCC_APB1PeriphResetCmd) for RCC_APB1PeriphResetCmd
    stm32f10x_i2c.o(i.I2C_Init) refers to stm32f10x_rcc.o(i.RCC_GetClocksFreq) for RCC_GetClocksFreq
    stm32f10x_pwr.o(i.PWR_DeInit) refers to stm32f10x_rcc.o(i.RCC_APB1PeriphResetCmd) for RCC_APB1PeriphResetCmd
    stm32f10x_rtc.o(i.RTC_SetAlarm) refers to stm32f10x_rtc.o(i.RTC_EnterConfigMode) for RTC_EnterConfigMode
    stm32f10x_rtc.o(i.RTC_SetAlarm) refers to stm32f10x_rtc.o(i.RTC_ExitConfigMode) for RTC_ExitConfigMode
    stm32f10x_rtc.o(i.RTC_SetCounter) refers to stm32f10x_rtc.o(i.RTC_EnterConfigMode) for RTC_EnterConfigMode
    stm32f10x_rtc.o(i.RTC_SetCounter) refers to stm32f10x_rtc.o(i.RTC_ExitConfigMode) for RTC_ExitConfigMode
    stm32f10x_rtc.o(i.RTC_SetPrescaler) refers to stm32f10x_rtc.o(i.RTC_EnterConfigMode) for RTC_EnterConfigMode
    stm32f10x_rtc.o(i.RTC_SetPrescaler) refers to stm32f10x_rtc.o(i.RTC_ExitConfigMode) for RTC_ExitConfigMode
    stm32f10x_spi.o(i.I2S_Init) refers to stm32f10x_rcc.o(i.RCC_GetClocksFreq) for RCC_GetClocksFreq
    stm32f10x_spi.o(i.SPI_I2S_DeInit) refers to stm32f10x_rcc.o(i.RCC_APB2PeriphResetCmd) for RCC_APB2PeriphResetCmd
    stm32f10x_spi.o(i.SPI_I2S_DeInit) refers to stm32f10x_rcc.o(i.RCC_APB1PeriphResetCmd) for RCC_APB1PeriphResetCmd
    stm32f10x_tim.o(i.TIM_DeInit) refers to stm32f10x_rcc.o(i.RCC_APB1PeriphResetCmd) for RCC_APB1PeriphResetCmd
    stm32f10x_tim.o(i.TIM_DeInit) refers to stm32f10x_rcc.o(i.RCC_APB2PeriphResetCmd) for RCC_APB2PeriphResetCmd
    stm32f10x_tim.o(i.TIM_ETRClockMode1Config) refers to stm32f10x_tim.o(i.TIM_ETRConfig) for TIM_ETRConfig
    stm32f10x_tim.o(i.TIM_ETRClockMode2Config) refers to stm32f10x_tim.o(i.TIM_ETRConfig) for TIM_ETRConfig
    stm32f10x_tim.o(i.TIM_ICInit) refers to stm32f10x_tim.o(i.TIM_SetIC4Prescaler) for TIM_SetIC4Prescaler
    stm32f10x_tim.o(i.TIM_ICInit) refers to stm32f10x_tim.o(i.TI1_Config) for TI1_Config
    stm32f10x_tim.o(i.TIM_ICInit) refers to stm32f10x_tim.o(i.TIM_SetIC1Prescaler) for TIM_SetIC1Prescaler
    stm32f10x_tim.o(i.TIM_ICInit) refers to stm32f10x_tim.o(i.TI2_Config) for TI2_Config
    stm32f10x_tim.o(i.TIM_ICInit) refers to stm32f10x_tim.o(i.TIM_SetIC2Prescaler) for TIM_SetIC2Prescaler
    stm32f10x_tim.o(i.TIM_ICInit) refers to stm32f10x_tim.o(i.TIM_SetIC3Prescaler) for TIM_SetIC3Prescaler
    stm32f10x_tim.o(i.TIM_ITRxExternalClockConfig) refers to stm32f10x_tim.o(i.TIM_SelectInputTrigger) for TIM_SelectInputTrigger
    stm32f10x_tim.o(i.TIM_PWMIConfig) refers to stm32f10x_tim.o(i.TI2_Config) for TI2_Config
    stm32f10x_tim.o(i.TIM_PWMIConfig) refers to stm32f10x_tim.o(i.TIM_SetIC2Prescaler) for TIM_SetIC2Prescaler
    stm32f10x_tim.o(i.TIM_PWMIConfig) refers to stm32f10x_tim.o(i.TI1_Config) for TI1_Config
    stm32f10x_tim.o(i.TIM_PWMIConfig) refers to stm32f10x_tim.o(i.TIM_SetIC1Prescaler) for TIM_SetIC1Prescaler
    stm32f10x_tim.o(i.TIM_TIxExternalClockConfig) refers to stm32f10x_tim.o(i.TI1_Config) for TI1_Config
    stm32f10x_tim.o(i.TIM_TIxExternalClockConfig) refers to stm32f10x_tim.o(i.TIM_SelectInputTrigger) for TIM_SelectInputTrigger
    stm32f10x_tim.o(i.TIM_TIxExternalClockConfig) refers to stm32f10x_tim.o(i.TI2_Config) for TI2_Config
    stm32f10x_usart.o(i.USART_DeInit) refers to stm32f10x_rcc.o(i.RCC_APB2PeriphResetCmd) for RCC_APB2PeriphResetCmd
    stm32f10x_usart.o(i.USART_DeInit) refers to stm32f10x_rcc.o(i.RCC_APB1PeriphResetCmd) for RCC_APB1PeriphResetCmd
    stm32f10x_usart.o(i.USART_Init) refers to stm32f10x_rcc.o(i.RCC_GetClocksFreq) for RCC_GetClocksFreq
    stm32f10x_wwdg.o(i.WWDG_DeInit) refers to stm32f10x_rcc.o(i.RCC_APB1PeriphResetCmd) for RCC_APB1PeriphResetCmd
    system_stm32f10x.o(i.SystemInit) refers to system_stm32f10x.o(i.SetSysClockTo72) for SetSysClockTo72
    startup_stm32f10x_md.o(RESET) refers to startup_stm32f10x_md.o(STACK) for __initial_sp
    startup_stm32f10x_md.o(RESET) refers to startup_stm32f10x_md.o(.text) for Reset_Handler
    startup_stm32f10x_md.o(RESET) refers to stm32f10x_it.o(i.NMI_Handler) for NMI_Handler
    startup_stm32f10x_md.o(RESET) refers to stm32f10x_it.o(i.HardFault_Handler) for HardFault_Handler
    startup_stm32f10x_md.o(RESET) refers to stm32f10x_it.o(i.MemManage_Handler) for MemManage_Handler
    startup_stm32f10x_md.o(RESET) refers to stm32f10x_it.o(i.BusFault_Handler) for BusFault_Handler
    startup_stm32f10x_md.o(RESET) refers to stm32f10x_it.o(i.UsageFault_Handler) for UsageFault_Handler
    startup_stm32f10x_md.o(RESET) refers to stm32f10x_it.o(i.SVC_Handler) for SVC_Handler
    startup_stm32f10x_md.o(RESET) refers to stm32f10x_it.o(i.DebugMon_Handler) for DebugMon_Handler
    startup_stm32f10x_md.o(RESET) refers to stm32f10x_it.o(i.PendSV_Handler) for PendSV_Handler
    startup_stm32f10x_md.o(RESET) refers to stm32f10x_it.o(i.SysTick_Handler) for SysTick_Handler
    startup_stm32f10x_md.o(RESET) refers to stm32f10x_it.o(i.TIM2_IRQHandler) for TIM2_IRQHandler
    startup_stm32f10x_md.o(.text) refers to entry.o(.ARM.Collect$$$$00000000) for __main
    entry.o(.ARM.Collect$$$$00000000) refers (Special) to entry10a.o(.ARM.Collect$$$$0000000D) for __rt_final_cpp
    entry.o(.ARM.Collect$$$$00000000) refers (Special) to entry11a.o(.ARM.Collect$$$$0000000F) for __rt_final_exit
    entry.o(.ARM.Collect$$$$00000000) refers (Special) to entry7b.o(.ARM.Collect$$$$00000008) for _main_clock
    entry.o(.ARM.Collect$$$$00000000) refers (Special) to entry8b.o(.ARM.Collect$$$$0000000A) for _main_cpp_init
    entry.o(.ARM.Collect$$$$00000000) refers (Special) to entry9a.o(.ARM.Collect$$$$0000000B) for _main_init
    entry.o(.ARM.Collect$$$$00000000) refers (Special) to entry5.o(.ARM.Collect$$$$00000004) for _main_scatterload
    entry.o(.ARM.Collect$$$$00000000) refers (Special) to entry2.o(.ARM.Collect$$$$00000001) for _main_stk
    entry2.o(.ARM.Collect$$$$00000001) refers to entry2.o(.ARM.Collect$$$$00002712) for __lit__00000000
    entry2.o(.ARM.Collect$$$$00002712) refers to startup_stm32f10x_md.o(STACK) for __initial_sp
    entry2.o(__vectab_stack_and_reset_area) refers to startup_stm32f10x_md.o(STACK) for __initial_sp
    entry2.o(__vectab_stack_and_reset_area) refers to entry.o(.ARM.Collect$$$$00000000) for __main
    entry5.o(.ARM.Collect$$$$00000004) refers to init.o(.text) for __scatterload
    entry9a.o(.ARM.Collect$$$$0000000B) refers to main.o(i.main) for main
    entry9b.o(.ARM.Collect$$$$0000000C) refers to main.o(i.main) for main
    init.o(.text) refers to entry5.o(.ARM.Collect$$$$00000004) for __main_after_scatterload


==============================================================================

Removing Unused input sections from the image.

    Removing stm32f10x_it.o(.data), (2 bytes).
    Removing stm32f10x_it.o(.data), (2 bytes).
    Removing main.o(i.RCC_Configuration), (4 bytes).
    Removing glcd.o(i.FY_lcd_Clear), (88 bytes).
    Removing glcd.o(i.FY_lcd_GetPoint), (24 bytes).
    Removing glcd.o(i.FY_lcd_SetPoint), (40 bytes).
    Removing glcd.o(i.FY_lcd_SetWindows), (52 bytes).
    Removing glcd.o(i.GLCD_bitmap), (112 bytes).
    Removing glcd.o(i.GLCD_clearLn), (32 bytes).
    Removing glcd.o(i.GLCD_setBackColor), (12 bytes).
    Removing glcd.o(i.GLCD_setTextColor), (12 bytes).
    Removing glcd.o(i.rd_reg), (16 bytes).
    Removing glcd.o(.data), (64 bytes).
    Removing stm32f10x_rcc.o(i.RCC_ADCCLKConfig), (20 bytes).
    Removing stm32f10x_rcc.o(i.RCC_AHBPeriphClockCmd), (24 bytes).
    Removing stm32f10x_rcc.o(i.RCC_APB1PeriphClockCmd), (24 bytes).
    Removing stm32f10x_rcc.o(i.RCC_APB1PeriphResetCmd), (24 bytes).
    Removing stm32f10x_rcc.o(i.RCC_APB2PeriphResetCmd), (24 bytes).
    Removing stm32f10x_rcc.o(i.RCC_AdjustHSICalibrationValue), (20 bytes).
    Removing stm32f10x_rcc.o(i.RCC_BackupResetCmd), (12 bytes).
    Removing stm32f10x_rcc.o(i.RCC_ClearFlag), (16 bytes).
    Removing stm32f10x_rcc.o(i.RCC_ClearITPendingBit), (12 bytes).
    Removing stm32f10x_rcc.o(i.RCC_ClockSecuritySystemCmd), (12 bytes).
    Removing stm32f10x_rcc.o(i.RCC_DeInit), (64 bytes).
    Removing stm32f10x_rcc.o(i.RCC_GetClocksFreq), (144 bytes).
    Removing stm32f10x_rcc.o(i.RCC_GetFlagStatus), (48 bytes).
    Removing stm32f10x_rcc.o(i.RCC_GetITStatus), (20 bytes).
    Removing stm32f10x_rcc.o(i.RCC_GetSYSCLKSource), (16 bytes).
    Removing stm32f10x_rcc.o(i.RCC_HCLKConfig), (20 bytes).
    Removing stm32f10x_rcc.o(i.RCC_HSEConfig), (52 bytes).
    Removing stm32f10x_rcc.o(i.RCC_HSICmd), (12 bytes).
    Removing stm32f10x_rcc.o(i.RCC_ITConfig), (24 bytes).
    Removing stm32f10x_rcc.o(i.RCC_LSEConfig), (32 bytes).
    Removing stm32f10x_rcc.o(i.RCC_LSICmd), (12 bytes).
    Removing stm32f10x_rcc.o(i.RCC_MCOConfig), (12 bytes).
    Removing stm32f10x_rcc.o(i.RCC_PCLK1Config), (20 bytes).
    Removing stm32f10x_rcc.o(i.RCC_PCLK2Config), (20 bytes).
    Removing stm32f10x_rcc.o(i.RCC_PLLCmd), (12 bytes).
    Removing stm32f10x_rcc.o(i.RCC_PLLConfig), (20 bytes).
    Removing stm32f10x_rcc.o(i.RCC_RTCCLKCmd), (12 bytes).
    Removing stm32f10x_rcc.o(i.RCC_RTCCLKConfig), (16 bytes).
    Removing stm32f10x_rcc.o(i.RCC_SYSCLKConfig), (20 bytes).
    Removing stm32f10x_rcc.o(i.RCC_USBCLKConfig), (12 bytes).
    Removing stm32f10x_rcc.o(i.RCC_WaitForHSEStartUp), (44 bytes).
    Removing stm32f10x_rcc.o(.data), (20 bytes).
    Removing stm32f10x_gpio.o(i.GPIO_AFIODeInit), (22 bytes).
    Removing stm32f10x_gpio.o(i.GPIO_DeInit), (180 bytes).
    Removing stm32f10x_gpio.o(i.GPIO_ETH_MediaInterfaceConfig), (12 bytes).
    Removing stm32f10x_gpio.o(i.GPIO_EXTILineConfig), (40 bytes).
    Removing stm32f10x_gpio.o(i.GPIO_EventOutputCmd), (12 bytes).
    Removing stm32f10x_gpio.o(i.GPIO_EventOutputConfig), (28 bytes).
    Removing stm32f10x_gpio.o(i.GPIO_PinLockConfig), (16 bytes).
    Removing stm32f10x_gpio.o(i.GPIO_PinRemapConfig), (72 bytes).
    Removing stm32f10x_gpio.o(i.GPIO_ReadInputData), (6 bytes).
    Removing stm32f10x_gpio.o(i.GPIO_ReadOutputData), (6 bytes).
    Removing stm32f10x_gpio.o(i.GPIO_ReadOutputDataBit), (14 bytes).
    Removing stm32f10x_gpio.o(i.GPIO_StructInit), (16 bytes).
    Removing stm32f10x_gpio.o(i.GPIO_Write), (4 bytes).
    Removing stm32f10x_gpio.o(i.GPIO_WriteBit), (10 bytes).
    Removing misc.o(i.NVIC_Init), (100 bytes).
    Removing misc.o(i.NVIC_PriorityGroupConfig), (20 bytes).
    Removing misc.o(i.NVIC_SetVectorTable), (20 bytes).
    Removing misc.o(i.NVIC_SystemLPConfig), (24 bytes).
    Removing misc.o(i.SysTick_CLKSourceConfig), (24 bytes).
    Removing stm32f10x_adc.o(i.ADC_AnalogWatchdogCmd), (16 bytes).
    Removing stm32f10x_adc.o(i.ADC_AnalogWatchdogSingleChannelConfig), (12 bytes).
    Removing stm32f10x_adc.o(i.ADC_AnalogWatchdogThresholdsConfig), (6 bytes).
    Removing stm32f10x_adc.o(i.ADC_AutoInjectedConvCmd), (20 bytes).
    Removing stm32f10x_adc.o(i.ADC_ClearFlag), (6 bytes).
    Removing stm32f10x_adc.o(i.ADC_ClearITPendingBit), (8 bytes).
    Removing stm32f10x_adc.o(i.ADC_Cmd), (20 bytes).
    Removing stm32f10x_adc.o(i.ADC_DMACmd), (20 bytes).
    Removing stm32f10x_adc.o(i.ADC_DeInit), (68 bytes).
    Removing stm32f10x_adc.o(i.ADC_DiscModeChannelCountConfig), (16 bytes).
    Removing stm32f10x_adc.o(i.ADC_DiscModeCmd), (20 bytes).
    Removing stm32f10x_adc.o(i.ADC_ExternalTrigConvCmd), (20 bytes).
    Removing stm32f10x_adc.o(i.ADC_ExternalTrigInjectedConvCmd), (20 bytes).
    Removing stm32f10x_adc.o(i.ADC_ExternalTrigInjectedConvConfig), (12 bytes).
    Removing stm32f10x_adc.o(i.ADC_GetCalibrationStatus), (14 bytes).
    Removing stm32f10x_adc.o(i.ADC_GetConversionValue), (6 bytes).
    Removing stm32f10x_adc.o(i.ADC_GetDualModeConversionValue), (12 bytes).
    Removing stm32f10x_adc.o(i.ADC_GetFlagStatus), (14 bytes).
    Removing stm32f10x_adc.o(i.ADC_GetITStatus), (28 bytes).
    Removing stm32f10x_adc.o(i.ADC_GetInjectedConversionValue), (14 bytes).
    Removing stm32f10x_adc.o(i.ADC_GetResetCalibrationStatus), (14 bytes).
    Removing stm32f10x_adc.o(i.ADC_GetSoftwareStartConvStatus), (14 bytes).
    Removing stm32f10x_adc.o(i.ADC_GetSoftwareStartInjectedConvCmdStatus), (14 bytes).
    Removing stm32f10x_adc.o(i.ADC_ITConfig), (18 bytes).
    Removing stm32f10x_adc.o(i.ADC_Init), (72 bytes).
    Removing stm32f10x_adc.o(i.ADC_InjectedChannelConfig), (74 bytes).
    Removing stm32f10x_adc.o(i.ADC_InjectedDiscModeCmd), (20 bytes).
    Removing stm32f10x_adc.o(i.ADC_InjectedSequencerLengthConfig), (16 bytes).
    Removing stm32f10x_adc.o(i.ADC_RegularChannelConfig), (116 bytes).
    Removing stm32f10x_adc.o(i.ADC_ResetCalibration), (10 bytes).
    Removing stm32f10x_adc.o(i.ADC_SetInjectedOffset), (10 bytes).
    Removing stm32f10x_adc.o(i.ADC_SoftwareStartConvCmd), (20 bytes).
    Removing stm32f10x_adc.o(i.ADC_SoftwareStartInjectedConvCmd), (20 bytes).
    Removing stm32f10x_adc.o(i.ADC_StartCalibration), (10 bytes).
    Removing stm32f10x_adc.o(i.ADC_StructInit), (18 bytes).
    Removing stm32f10x_adc.o(i.ADC_TempSensorVrefintCmd), (28 bytes).
    Removing stm32f10x_bkp.o(i.BKP_ClearFlag), (16 bytes).
    Removing stm32f10x_bkp.o(i.BKP_ClearITPendingBit), (16 bytes).
    Removing stm32f10x_bkp.o(i.BKP_DeInit), (18 bytes).
    Removing stm32f10x_bkp.o(i.BKP_GetFlagStatus), (12 bytes).
    Removing stm32f10x_bkp.o(i.BKP_GetITStatus), (12 bytes).
    Removing stm32f10x_bkp.o(i.BKP_ITConfig), (12 bytes).
    Removing stm32f10x_bkp.o(i.BKP_RTCOutputConfig), (20 bytes).
    Removing stm32f10x_bkp.o(i.BKP_ReadBackupRegister), (16 bytes).
    Removing stm32f10x_bkp.o(i.BKP_SetRTCCalibrationValue), (20 bytes).
    Removing stm32f10x_bkp.o(i.BKP_TamperPinCmd), (12 bytes).
    Removing stm32f10x_bkp.o(i.BKP_TamperPinLevelConfig), (12 bytes).
    Removing stm32f10x_bkp.o(i.BKP_WriteBackupRegister), (16 bytes).
    Removing stm32f10x_can.o(i.CAN_CancelTransmit), (36 bytes).
    Removing stm32f10x_can.o(i.CAN_ClearFlag), (8 bytes).
    Removing stm32f10x_can.o(i.CAN_ClearITPendingBit), (136 bytes).
    Removing stm32f10x_can.o(i.CAN_DBGFreeze), (20 bytes).
    Removing stm32f10x_can.o(i.CAN_DeInit), (44 bytes).
    Removing stm32f10x_can.o(i.CAN_FIFORelease), (12 bytes).
    Removing stm32f10x_can.o(i.CAN_FilterInit), (204 bytes).
    Removing stm32f10x_can.o(i.CAN_GetFlagStatus), (14 bytes).
    Removing stm32f10x_can.o(i.CAN_GetITStatus), (142 bytes).
    Removing stm32f10x_can.o(i.CAN_ITConfig), (16 bytes).
    Removing stm32f10x_can.o(i.CAN_Init), (232 bytes).
    Removing stm32f10x_can.o(i.CAN_MessagePending), (22 bytes).
    Removing stm32f10x_can.o(i.CAN_Receive), (128 bytes).
    Removing stm32f10x_can.o(i.CAN_SlaveStartBank), (44 bytes).
    Removing stm32f10x_can.o(i.CAN_Sleep), (30 bytes).
    Removing stm32f10x_can.o(i.CAN_StructInit), (32 bytes).
    Removing stm32f10x_can.o(i.CAN_Transmit), (164 bytes).
    Removing stm32f10x_can.o(i.CAN_TransmitStatus), (118 bytes).
    Removing stm32f10x_can.o(i.CAN_WakeUp), (40 bytes).
    Removing stm32f10x_can.o(i.CheckITStatus), (12 bytes).
    Removing stm32f10x_crc.o(i.CRC_CalcBlockCRC), (28 bytes).
    Removing stm32f10x_crc.o(i.CRC_CalcCRC), (12 bytes).
    Removing stm32f10x_crc.o(i.CRC_GetCRC), (12 bytes).
    Removing stm32f10x_crc.o(i.CRC_GetIDRegister), (12 bytes).
    Removing stm32f10x_crc.o(i.CRC_ResetDR), (12 bytes).
    Removing stm32f10x_crc.o(i.CRC_SetIDRegister), (12 bytes).
    Removing stm32f10x_dac.o(i.DAC_Cmd), (24 bytes).
    Removing stm32f10x_dac.o(i.DAC_DMACmd), (24 bytes).
    Removing stm32f10x_dac.o(i.DAC_DeInit), (24 bytes).
    Removing stm32f10x_dac.o(i.DAC_DualSoftwareTriggerCmd), (28 bytes).
    Removing stm32f10x_dac.o(i.DAC_GetDataOutputValue), (24 bytes).
    Removing stm32f10x_dac.o(i.DAC_Init), (40 bytes).
    Removing stm32f10x_dac.o(i.DAC_SetChannel1Data), (20 bytes).
    Removing stm32f10x_dac.o(i.DAC_SetChannel2Data), (20 bytes).
    Removing stm32f10x_dac.o(i.DAC_SetDualChannelData), (28 bytes).
    Removing stm32f10x_dac.o(i.DAC_SoftwareTriggerCmd), (28 bytes).
    Removing stm32f10x_dac.o(i.DAC_StructInit), (12 bytes).
    Removing stm32f10x_dac.o(i.DAC_WaveGenerationCmd), (24 bytes).
    Removing stm32f10x_dbgmcu.o(i.DBGMCU_Config), (24 bytes).
    Removing stm32f10x_dbgmcu.o(i.DBGMCU_GetDEVID), (16 bytes).
    Removing stm32f10x_dbgmcu.o(i.DBGMCU_GetREVID), (12 bytes).
    Removing stm32f10x_dma.o(i.DMA_ClearFlag), (24 bytes).
    Removing stm32f10x_dma.o(i.DMA_ClearITPendingBit), (24 bytes).
    Removing stm32f10x_dma.o(i.DMA_Cmd), (20 bytes).
    Removing stm32f10x_dma.o(i.DMA_DeInit), (224 bytes).
    Removing stm32f10x_dma.o(i.DMA_GetCurrDataCounter), (6 bytes).
    Removing stm32f10x_dma.o(i.DMA_GetFlagStatus), (32 bytes).
    Removing stm32f10x_dma.o(i.DMA_GetITStatus), (32 bytes).
    Removing stm32f10x_dma.o(i.DMA_ITConfig), (16 bytes).
    Removing stm32f10x_dma.o(i.DMA_Init), (58 bytes).
    Removing stm32f10x_dma.o(i.DMA_StructInit), (26 bytes).
    Removing stm32f10x_exti.o(i.EXTI_ClearFlag), (12 bytes).
    Removing stm32f10x_exti.o(i.EXTI_ClearITPendingBit), (12 bytes).
    Removing stm32f10x_exti.o(i.EXTI_DeInit), (36 bytes).
    Removing stm32f10x_exti.o(i.EXTI_GenerateSWInterrupt), (16 bytes).
    Removing stm32f10x_exti.o(i.EXTI_GetFlagStatus), (20 bytes).
    Removing stm32f10x_exti.o(i.EXTI_GetITStatus), (32 bytes).
    Removing stm32f10x_exti.o(i.EXTI_Init), (112 bytes).
    Removing stm32f10x_exti.o(i.EXTI_StructInit), (14 bytes).
    Removing stm32f10x_flash.o(i.FLASH_ClearFlag), (12 bytes).
    Removing stm32f10x_flash.o(i.FLASH_EnableWriteProtection), (168 bytes).
    Removing stm32f10x_flash.o(i.FLASH_EraseAllPages), (60 bytes).
    Removing stm32f10x_flash.o(i.FLASH_EraseOptionBytes), (116 bytes).
    Removing stm32f10x_flash.o(i.FLASH_ErasePage), (64 bytes).
    Removing stm32f10x_flash.o(i.FLASH_GetFlagStatus), (32 bytes).
    Removing stm32f10x_flash.o(i.FLASH_GetPrefetchBufferStatus), (20 bytes).
    Removing stm32f10x_flash.o(i.FLASH_GetReadOutProtectionStatus), (20 bytes).
    Removing stm32f10x_flash.o(i.FLASH_GetStatus), (40 bytes).
    Removing stm32f10x_flash.o(i.FLASH_GetUserOptionByte), (12 bytes).
    Removing stm32f10x_flash.o(i.FLASH_GetWriteProtectionOptionByte), (12 bytes).
    Removing stm32f10x_flash.o(i.FLASH_HalfCycleAccessCmd), (24 bytes).
    Removing stm32f10x_flash.o(i.FLASH_ITConfig), (24 bytes).
    Removing stm32f10x_flash.o(i.FLASH_Lock), (16 bytes).
    Removing stm32f10x_flash.o(i.FLASH_PrefetchBufferCmd), (24 bytes).
    Removing stm32f10x_flash.o(i.FLASH_ProgramHalfWord), (56 bytes).
    Removing stm32f10x_flash.o(i.FLASH_ProgramOptionByteData), (72 bytes).
    Removing stm32f10x_flash.o(i.FLASH_ProgramWord), (76 bytes).
    Removing stm32f10x_flash.o(i.FLASH_ReadOutProtection), (136 bytes).
    Removing stm32f10x_flash.o(i.FLASH_SetLatency), (20 bytes).
    Removing stm32f10x_flash.o(i.FLASH_Unlock), (24 bytes).
    Removing stm32f10x_flash.o(i.FLASH_UserOptionByteConfig), (88 bytes).
    Removing stm32f10x_flash.o(i.FLASH_WaitForLastOperation), (46 bytes).
    Removing stm32f10x_fsmc.o(i.FSMC_ClearFlag), (38 bytes).
    Removing stm32f10x_fsmc.o(i.FSMC_ClearITPendingBit), (44 bytes).
    Removing stm32f10x_fsmc.o(i.FSMC_GetECC), (18 bytes).
    Removing stm32f10x_fsmc.o(i.FSMC_GetFlagStatus), (40 bytes).
    Removing stm32f10x_fsmc.o(i.FSMC_GetITStatus), (48 bytes).
    Removing stm32f10x_fsmc.o(i.FSMC_ITConfig), (72 bytes).
    Removing stm32f10x_fsmc.o(i.FSMC_NANDCmd), (56 bytes).
    Removing stm32f10x_fsmc.o(i.FSMC_NANDDeInit), (40 bytes).
    Removing stm32f10x_fsmc.o(i.FSMC_NANDECCCmd), (56 bytes).
    Removing stm32f10x_fsmc.o(i.FSMC_NANDInit), (104 bytes).
    Removing stm32f10x_fsmc.o(i.FSMC_NANDStructInit), (54 bytes).
    Removing stm32f10x_fsmc.o(i.FSMC_NORSRAMCmd), (32 bytes).
    Removing stm32f10x_fsmc.o(i.FSMC_NORSRAMDeInit), (40 bytes).
    Removing stm32f10x_fsmc.o(i.FSMC_NORSRAMInit), (196 bytes).
    Removing stm32f10x_fsmc.o(i.FSMC_NORSRAMStructInit), (96 bytes).
    Removing stm32f10x_fsmc.o(i.FSMC_PCCARDCmd), (32 bytes).
    Removing stm32f10x_fsmc.o(i.FSMC_PCCARDDeInit), (26 bytes).
    Removing stm32f10x_fsmc.o(i.FSMC_PCCARDInit), (102 bytes).
    Removing stm32f10x_fsmc.o(i.FSMC_PCCARDStructInit), (60 bytes).
    Removing stm32f10x_i2c.o(i.I2C_ARPCmd), (20 bytes).
    Removing stm32f10x_i2c.o(i.I2C_AcknowledgeConfig), (20 bytes).
    Removing stm32f10x_i2c.o(i.I2C_CalculatePEC), (20 bytes).
    Removing stm32f10x_i2c.o(i.I2C_CheckEvent), (24 bytes).
    Removing stm32f10x_i2c.o(i.I2C_ClearFlag), (6 bytes).
    Removing stm32f10x_i2c.o(i.I2C_ClearITPendingBit), (6 bytes).
    Removing stm32f10x_i2c.o(i.I2C_Cmd), (20 bytes).
    Removing stm32f10x_i2c.o(i.I2C_DMACmd), (20 bytes).
    Removing stm32f10x_i2c.o(i.I2C_DMALastTransferCmd), (20 bytes).
    Removing stm32f10x_i2c.o(i.I2C_DeInit), (44 bytes).
    Removing stm32f10x_i2c.o(i.I2C_DualAddressCmd), (20 bytes).
    Removing stm32f10x_i2c.o(i.I2C_FastModeDutyCycleConfig), (22 bytes).
    Removing stm32f10x_i2c.o(i.I2C_GeneralCallCmd), (20 bytes).
    Removing stm32f10x_i2c.o(i.I2C_GenerateSTART), (20 bytes).
    Removing stm32f10x_i2c.o(i.I2C_GenerateSTOP), (20 bytes).
    Removing stm32f10x_i2c.o(i.I2C_GetFlagStatus), (42 bytes).
    Removing stm32f10x_i2c.o(i.I2C_GetITStatus), (36 bytes).
    Removing stm32f10x_i2c.o(i.I2C_GetLastEvent), (14 bytes).
    Removing stm32f10x_i2c.o(i.I2C_GetPEC), (6 bytes).
    Removing stm32f10x_i2c.o(i.I2C_ITConfig), (16 bytes).
    Removing stm32f10x_i2c.o(i.I2C_Init), (188 bytes).
    Removing stm32f10x_i2c.o(i.I2C_OwnAddress2Config), (16 bytes).
    Removing stm32f10x_i2c.o(i.I2C_PECPositionConfig), (22 bytes).
    Removing stm32f10x_i2c.o(i.I2C_ReadRegister), (10 bytes).
    Removing stm32f10x_i2c.o(i.I2C_ReceiveData), (6 bytes).
    Removing stm32f10x_i2c.o(i.I2C_SMBusAlertConfig), (22 bytes).
    Removing stm32f10x_i2c.o(i.I2C_Send7bitAddress), (16 bytes).
    Removing stm32f10x_i2c.o(i.I2C_SendData), (4 bytes).
    Removing stm32f10x_i2c.o(i.I2C_SoftwareResetCmd), (20 bytes).
    Removing stm32f10x_i2c.o(i.I2C_StretchClockCmd), (20 bytes).
    Removing stm32f10x_i2c.o(i.I2C_StructInit), (28 bytes).
    Removing stm32f10x_i2c.o(i.I2C_TransmitPEC), (20 bytes).
    Removing stm32f10x_iwdg.o(i.IWDG_Enable), (16 bytes).
    Removing stm32f10x_iwdg.o(i.IWDG_GetFlagStatus), (20 bytes).
    Removing stm32f10x_iwdg.o(i.IWDG_ReloadCounter), (16 bytes).
    Removing stm32f10x_iwdg.o(i.IWDG_SetPrescaler), (12 bytes).
    Removing stm32f10x_iwdg.o(i.IWDG_SetReload), (12 bytes).
    Removing stm32f10x_iwdg.o(i.IWDG_WriteAccessCmd), (12 bytes).
    Removing stm32f10x_pwr.o(i.PWR_BackupAccessCmd), (12 bytes).
    Removing stm32f10x_pwr.o(i.PWR_ClearFlag), (16 bytes).
    Removing stm32f10x_pwr.o(i.PWR_DeInit), (24 bytes).
    Removing stm32f10x_pwr.o(i.PWR_EnterSTANDBYMode), (40 bytes).
    Removing stm32f10x_pwr.o(i.PWR_EnterSTOPMode), (44 bytes).
    Removing stm32f10x_pwr.o(i.PWR_GetFlagStatus), (20 bytes).
    Removing stm32f10x_pwr.o(i.PWR_PVDCmd), (12 bytes).
    Removing stm32f10x_pwr.o(i.PWR_PVDLevelConfig), (20 bytes).
    Removing stm32f10x_pwr.o(i.PWR_WakeUpPinCmd), (12 bytes).
    Removing stm32f10x_rtc.o(i.RTC_ClearFlag), (16 bytes).
    Removing stm32f10x_rtc.o(i.RTC_ClearITPendingBit), (16 bytes).
    Removing stm32f10x_rtc.o(i.RTC_EnterConfigMode), (16 bytes).
    Removing stm32f10x_rtc.o(i.RTC_ExitConfigMode), (16 bytes).
    Removing stm32f10x_rtc.o(i.RTC_GetCounter), (20 bytes).
    Removing stm32f10x_rtc.o(i.RTC_GetDivider), (24 bytes).
    Removing stm32f10x_rtc.o(i.RTC_GetFlagStatus), (20 bytes).
    Removing stm32f10x_rtc.o(i.RTC_GetITStatus), (32 bytes).
    Removing stm32f10x_rtc.o(i.RTC_ITConfig), (24 bytes).
    Removing stm32f10x_rtc.o(i.RTC_SetAlarm), (32 bytes).
    Removing stm32f10x_rtc.o(i.RTC_SetCounter), (32 bytes).
    Removing stm32f10x_rtc.o(i.RTC_SetPrescaler), (32 bytes).
    Removing stm32f10x_rtc.o(i.RTC_WaitForLastTask), (16 bytes).
    Removing stm32f10x_rtc.o(i.RTC_WaitForSynchro), (24 bytes).
    Removing stm32f10x_sdio.o(i.SDIO_CEATAITCmd), (16 bytes).
    Removing stm32f10x_sdio.o(i.SDIO_ClearFlag), (12 bytes).
    Removing stm32f10x_sdio.o(i.SDIO_ClearITPendingBit), (12 bytes).
    Removing stm32f10x_sdio.o(i.SDIO_ClockCmd), (12 bytes).
    Removing stm32f10x_sdio.o(i.SDIO_CmdStructInit), (14 bytes).
    Removing stm32f10x_sdio.o(i.SDIO_CommandCompletionCmd), (12 bytes).
    Removing stm32f10x_sdio.o(i.SDIO_DMACmd), (12 bytes).
    Removing stm32f10x_sdio.o(i.SDIO_DataConfig), (44 bytes).
    Removing stm32f10x_sdio.o(i.SDIO_DataStructInit), (20 bytes).
    Removing stm32f10x_sdio.o(i.SDIO_DeInit), (36 bytes).
    Removing stm32f10x_sdio.o(i.SDIO_GetCommandResponse), (12 bytes).
    Removing stm32f10x_sdio.o(i.SDIO_GetDataCounter), (12 bytes).
    Removing stm32f10x_sdio.o(i.SDIO_GetFIFOCount), (12 bytes).
    Removing stm32f10x_sdio.o(i.SDIO_GetFlagStatus), (20 bytes).
    Removing stm32f10x_sdio.o(i.SDIO_GetITStatus), (20 bytes).
    Removing stm32f10x_sdio.o(i.SDIO_GetPowerState), (16 bytes).
    Removing stm32f10x_sdio.o(i.SDIO_GetResponse), (16 bytes).
    Removing stm32f10x_sdio.o(i.SDIO_ITConfig), (24 bytes).
    Removing stm32f10x_sdio.o(i.SDIO_Init), (44 bytes).
    Removing stm32f10x_sdio.o(i.SDIO_ReadData), (12 bytes).
    Removing stm32f10x_sdio.o(i.SDIO_SendCEATACmd), (12 bytes).
    Removing stm32f10x_sdio.o(i.SDIO_SendCommand), (40 bytes).
    Removing stm32f10x_sdio.o(i.SDIO_SendSDIOSuspendCmd), (12 bytes).
    Removing stm32f10x_sdio.o(i.SDIO_SetPowerState), (24 bytes).
    Removing stm32f10x_sdio.o(i.SDIO_SetSDIOOperation), (12 bytes).
    Removing stm32f10x_sdio.o(i.SDIO_SetSDIOReadWaitMode), (12 bytes).
    Removing stm32f10x_sdio.o(i.SDIO_StartSDIOReadWait), (12 bytes).
    Removing stm32f10x_sdio.o(i.SDIO_StopSDIOReadWait), (12 bytes).
    Removing stm32f10x_sdio.o(i.SDIO_StructInit), (16 bytes).
    Removing stm32f10x_sdio.o(i.SDIO_WriteData), (12 bytes).
    Removing stm32f10x_spi.o(i.I2S_Cmd), (20 bytes).
    Removing stm32f10x_spi.o(i.I2S_Init), (152 bytes).
    Removing stm32f10x_spi.o(i.I2S_StructInit), (18 bytes).
    Removing stm32f10x_spi.o(i.SPI_BiDirectionalLineConfig), (22 bytes).
    Removing stm32f10x_spi.o(i.SPI_CalculateCRC), (20 bytes).
    Removing stm32f10x_spi.o(i.SPI_DataSizeConfig), (16 bytes).
    Removing stm32f10x_spi.o(i.SPI_GetCRC), (12 bytes).
    Removing stm32f10x_spi.o(i.SPI_GetCRCPolynomial), (4 bytes).
    Removing stm32f10x_spi.o(i.SPI_I2S_ClearFlag), (6 bytes).
    Removing stm32f10x_spi.o(i.SPI_I2S_ClearITPendingBit), (14 bytes).
    Removing stm32f10x_spi.o(i.SPI_I2S_DMACmd), (16 bytes).
    Removing stm32f10x_spi.o(i.SPI_I2S_DeInit), (84 bytes).
    Removing stm32f10x_spi.o(i.SPI_I2S_GetITStatus), (42 bytes).
    Removing stm32f10x_spi.o(i.SPI_I2S_ITConfig), (24 bytes).
    Removing stm32f10x_spi.o(i.SPI_NSSInternalSoftwareConfig), (24 bytes).
    Removing stm32f10x_spi.o(i.SPI_SSOutputCmd), (20 bytes).
    Removing stm32f10x_spi.o(i.SPI_StructInit), (24 bytes).
    Removing stm32f10x_spi.o(i.SPI_TransmitCRC), (10 bytes).
    Removing stm32f10x_tim.o(i.TI1_Config), (46 bytes).
    Removing stm32f10x_tim.o(i.TI2_Config), (54 bytes).
    Removing stm32f10x_tim.o(i.TIM_ARRPreloadConfig), (22 bytes).
    Removing stm32f10x_tim.o(i.TIM_BDTRConfig), (34 bytes).
    Removing stm32f10x_tim.o(i.TIM_BDTRStructInit), (18 bytes).
    Removing stm32f10x_tim.o(i.TIM_CCPreloadControl), (20 bytes).
    Removing stm32f10x_tim.o(i.TIM_CCxCmd), (22 bytes).
    Removing stm32f10x_tim.o(i.TIM_CCxNCmd), (22 bytes).
    Removing stm32f10x_tim.o(i.TIM_ClearFlag), (6 bytes).
    Removing stm32f10x_tim.o(i.TIM_ClearOC1Ref), (12 bytes).
    Removing stm32f10x_tim.o(i.TIM_ClearOC2Ref), (20 bytes).
    Removing stm32f10x_tim.o(i.TIM_ClearOC3Ref), (12 bytes).
    Removing stm32f10x_tim.o(i.TIM_ClearOC4Ref), (20 bytes).
    Removing stm32f10x_tim.o(i.TIM_Cmd), (22 bytes).
    Removing stm32f10x_tim.o(i.TIM_CounterModeConfig), (14 bytes).
    Removing stm32f10x_tim.o(i.TIM_CtrlPWMOutputs), (22 bytes).
    Removing stm32f10x_tim.o(i.TIM_DMACmd), (16 bytes).
    Removing stm32f10x_tim.o(i.TIM_DMAConfig), (8 bytes).
    Removing stm32f10x_tim.o(i.TIM_DeInit), (200 bytes).
    Removing stm32f10x_tim.o(i.TIM_ETRClockMode1Config), (18 bytes).
    Removing stm32f10x_tim.o(i.TIM_ETRClockMode2Config), (18 bytes).
    Removing stm32f10x_tim.o(i.TIM_ETRConfig), (24 bytes).
    Removing stm32f10x_tim.o(i.TIM_EncoderInterfaceConfig), (50 bytes).
    Removing stm32f10x_tim.o(i.TIM_ForcedOC1Config), (12 bytes).
    Removing stm32f10x_tim.o(i.TIM_ForcedOC2Config), (20 bytes).
    Removing stm32f10x_tim.o(i.TIM_ForcedOC3Config), (12 bytes).
    Removing stm32f10x_tim.o(i.TIM_ForcedOC4Config), (20 bytes).
    Removing stm32f10x_tim.o(i.TIM_GenerateEvent), (4 bytes).
    Removing stm32f10x_tim.o(i.TIM_GetCapture1), (4 bytes).
    Removing stm32f10x_tim.o(i.TIM_GetCapture2), (4 bytes).
    Removing stm32f10x_tim.o(i.TIM_GetCapture3), (4 bytes).
    Removing stm32f10x_tim.o(i.TIM_GetCapture4), (6 bytes).
    Removing stm32f10x_tim.o(i.TIM_GetCounter), (4 bytes).
    Removing stm32f10x_tim.o(i.TIM_GetFlagStatus), (14 bytes).
    Removing stm32f10x_tim.o(i.TIM_GetPrescaler), (4 bytes).
    Removing stm32f10x_tim.o(i.TIM_ICInit), (172 bytes).
    Removing stm32f10x_tim.o(i.TIM_ICStructInit), (16 bytes).
    Removing stm32f10x_tim.o(i.TIM_ITConfig), (16 bytes).
    Removing stm32f10x_tim.o(i.TIM_ITRxExternalClockConfig), (18 bytes).
    Removing stm32f10x_tim.o(i.TIM_InternalClockConfig), (10 bytes).
    Removing stm32f10x_tim.o(i.TIM_OC1FastConfig), (12 bytes).
    Removing stm32f10x_tim.o(i.TIM_OC1Init), (96 bytes).
    Removing stm32f10x_tim.o(i.TIM_OC1NPolarityConfig), (12 bytes).
    Removing stm32f10x_tim.o(i.TIM_OC1PolarityConfig), (12 bytes).
    Removing stm32f10x_tim.o(i.TIM_OC1PreloadConfig), (12 bytes).
    Removing stm32f10x_tim.o(i.TIM_OC2FastConfig), (20 bytes).
    Removing stm32f10x_tim.o(i.TIM_OC2Init), (128 bytes).
    Removing stm32f10x_tim.o(i.TIM_OC2NPolarityConfig), (20 bytes).
    Removing stm32f10x_tim.o(i.TIM_OC2PolarityConfig), (20 bytes).
    Removing stm32f10x_tim.o(i.TIM_OC2PreloadConfig), (20 bytes).
    Removing stm32f10x_tim.o(i.TIM_OC3FastConfig), (12 bytes).
    Removing stm32f10x_tim.o(i.TIM_OC3Init), (124 bytes).
    Removing stm32f10x_tim.o(i.TIM_OC3NPolarityConfig), (20 bytes).
    Removing stm32f10x_tim.o(i.TIM_OC3PolarityConfig), (20 bytes).
    Removing stm32f10x_tim.o(i.TIM_OC3PreloadConfig), (12 bytes).
    Removing stm32f10x_tim.o(i.TIM_OC4FastConfig), (20 bytes).
    Removing stm32f10x_tim.o(i.TIM_OC4Init), (100 bytes).
    Removing stm32f10x_tim.o(i.TIM_OC4PolarityConfig), (20 bytes).
    Removing stm32f10x_tim.o(i.TIM_OC4PreloadConfig), (20 bytes).
    Removing stm32f10x_tim.o(i.TIM_OCStructInit), (20 bytes).
    Removing stm32f10x_tim.o(i.TIM_PWMIConfig), (108 bytes).
    Removing stm32f10x_tim.o(i.TIM_PrescalerConfig), (6 bytes).
    Removing stm32f10x_tim.o(i.TIM_SelectCCDMA), (20 bytes).
    Removing stm32f10x_tim.o(i.TIM_SelectCOM), (20 bytes).
    Removing stm32f10x_tim.o(i.TIM_SelectHallSensor), (20 bytes).
    Removing stm32f10x_tim.o(i.TIM_SelectInputTrigger), (12 bytes).
    Removing stm32f10x_tim.o(i.TIM_SelectMasterSlaveMode), (16 bytes).
    Removing stm32f10x_tim.o(i.TIM_SelectOCxM), (74 bytes).
    Removing stm32f10x_tim.o(i.TIM_SelectOnePulseMode), (18 bytes).
    Removing stm32f10x_tim.o(i.TIM_SelectOutputTrigger), (16 bytes).
    Removing stm32f10x_tim.o(i.TIM_SelectSlaveMode), (16 bytes).
    Removing stm32f10x_tim.o(i.TIM_SetAutoreload), (4 bytes).
    Removing stm32f10x_tim.o(i.TIM_SetClockDivision), (14 bytes).
    Removing stm32f10x_tim.o(i.TIM_SetCompare1), (4 bytes).
    Removing stm32f10x_tim.o(i.TIM_SetCompare2), (4 bytes).
    Removing stm32f10x_tim.o(i.TIM_SetCompare3), (4 bytes).
    Removing stm32f10x_tim.o(i.TIM_SetCompare4), (6 bytes).
    Removing stm32f10x_tim.o(i.TIM_SetCounter), (4 bytes).
    Removing stm32f10x_tim.o(i.TIM_SetIC1Prescaler), (16 bytes).
    Removing stm32f10x_tim.o(i.TIM_SetIC2Prescaler), (24 bytes).
    Removing stm32f10x_tim.o(i.TIM_SetIC3Prescaler), (16 bytes).
    Removing stm32f10x_tim.o(i.TIM_SetIC4Prescaler), (24 bytes).
    Removing stm32f10x_tim.o(i.TIM_TIxExternalClockConfig), (46 bytes).
    Removing stm32f10x_tim.o(i.TIM_TimeBaseInit), (60 bytes).
    Removing stm32f10x_tim.o(i.TIM_TimeBaseStructInit), (18 bytes).
    Removing stm32f10x_tim.o(i.TIM_UpdateDisableConfig), (22 bytes).
    Removing stm32f10x_tim.o(i.TIM_UpdateRequestConfig), (22 bytes).
    Removing stm32f10x_usart.o(i.USART_ClearFlag), (6 bytes).
    Removing stm32f10x_usart.o(i.USART_ClearITPendingBit), (12 bytes).
    Removing stm32f10x_usart.o(i.USART_ClockInit), (30 bytes).
    Removing stm32f10x_usart.o(i.USART_ClockStructInit), (12 bytes).
    Removing stm32f10x_usart.o(i.USART_Cmd), (20 bytes).
    Removing stm32f10x_usart.o(i.USART_DMACmd), (16 bytes).
    Removing stm32f10x_usart.o(i.USART_DeInit), (116 bytes).
    Removing stm32f10x_usart.o(i.USART_GetFlagStatus), (14 bytes).
    Removing stm32f10x_usart.o(i.USART_GetITStatus), (62 bytes).
    Removing stm32f10x_usart.o(i.USART_HalfDuplexCmd), (20 bytes).
    Removing stm32f10x_usart.o(i.USART_ITConfig), (48 bytes).
    Removing stm32f10x_usart.o(i.USART_Init), (140 bytes).
    Removing stm32f10x_usart.o(i.USART_IrDACmd), (20 bytes).
    Removing stm32f10x_usart.o(i.USART_IrDAConfig), (16 bytes).
    Removing stm32f10x_usart.o(i.USART_LINBreakDetectLengthConfig), (16 bytes).
    Removing stm32f10x_usart.o(i.USART_LINCmd), (20 bytes).
    Removing stm32f10x_usart.o(i.USART_ReceiveData), (8 bytes).
    Removing stm32f10x_usart.o(i.USART_ReceiverWakeUpCmd), (20 bytes).
    Removing stm32f10x_usart.o(i.USART_SendBreak), (10 bytes).
    Removing stm32f10x_usart.o(i.USART_SendData), (8 bytes).
    Removing stm32f10x_usart.o(i.USART_SetAddress), (16 bytes).
    Removing stm32f10x_usart.o(i.USART_SetGuardTime), (16 bytes).
    Removing stm32f10x_usart.o(i.USART_SetPrescaler), (16 bytes).
    Removing stm32f10x_usart.o(i.USART_SmartCardCmd), (20 bytes).
    Removing stm32f10x_usart.o(i.USART_SmartCardNACKCmd), (20 bytes).
    Removing stm32f10x_usart.o(i.USART_StructInit), (22 bytes).
    Removing stm32f10x_usart.o(i.USART_WakeUpConfig), (16 bytes).
    Removing stm32f10x_wwdg.o(i.WWDG_ClearFlag), (12 bytes).
    Removing stm32f10x_wwdg.o(i.WWDG_DeInit), (24 bytes).
    Removing stm32f10x_wwdg.o(i.WWDG_Enable), (16 bytes).
    Removing stm32f10x_wwdg.o(i.WWDG_EnableIT), (16 bytes).
    Removing stm32f10x_wwdg.o(i.WWDG_GetFlagStatus), (12 bytes).
    Removing stm32f10x_wwdg.o(i.WWDG_SetCounter), (16 bytes).
    Removing stm32f10x_wwdg.o(i.WWDG_SetPrescaler), (20 bytes).
    Removing stm32f10x_wwdg.o(i.WWDG_SetWindowValue), (28 bytes).
    Removing system_stm32f10x.o(.constdata), (4 bytes).
    Removing system_stm32f10x.o(.constdata), (4 bytes).
    Removing system_stm32f10x.o(.constdata), (4 bytes).
    Removing system_stm32f10x.o(.constdata), (4 bytes).
    Removing system_stm32f10x.o(.constdata), (4 bytes).
    Removing core_cm3.o(.emb_text), (32 bytes).
    Removing startup_stm32f10x_md.o(HEAP), (512 bytes).

451 unused section(s) (total 14144 bytes) removed from the image.

==============================================================================

Memory Map of the image

  Image Entry point : 0x00000000

  Load Region LR_IROM1 (Base: 0x08000000, Size: 0x000027c0, Max: 0x00080000, ABSOLUTE)

    Execution Region ER_IROM1 (Base: 0x08000000, Size: 0x00000cc4, Max: 0x00080000, ABSOLUTE)

    Base Addr    Size         Type   Attr      Idx    E Section Name        Object

    0x08000000   0x000000ec   Data   RO         3297    RESET               startup_stm32f10x_md.o
    0x080000ec   0x00000000   Code   RO         3302  * .ARM.Collect$$$$00000000  mc_w.l(entry.o)
    0x080000ec   0x00000004   Code   RO         3305    .ARM.Collect$$$$00000001  mc_w.l(entry2.o)
    0x080000f0   0x00000004   Code   RO         3308    .ARM.Collect$$$$00000004  mc_w.l(entry5.o)
    0x080000f4   0x00000000   Code   RO         3310    .ARM.Collect$$$$00000008  mc_w.l(entry7b.o)
    0x080000f4   0x00000000   Code   RO         3312    .ARM.Collect$$$$0000000A  mc_w.l(entry8b.o)
    0x080000f4   0x00000008   Code   RO         3313    .ARM.Collect$$$$0000000B  mc_w.l(entry9a.o)
    0x080000fc   0x00000000   Code   RO         3315    .ARM.Collect$$$$0000000D  mc_w.l(entry10a.o)
    0x080000fc   0x00000000   Code   RO         3317    .ARM.Collect$$$$0000000F  mc_w.l(entry11a.o)
    0x080000fc   0x00000004   Code   RO         3306    .ARM.Collect$$$$00002712  mc_w.l(entry2.o)
    0x08000100   0x0000001c   Code   RO         3298    .text               startup_stm32f10x_md.o
    0x0800011c   0x00000024   Code   RO         3319    .text               mc_w.l(init.o)
    0x08000140   0x00000002   Code   RO            1    i.BusFault_Handler  stm32f10x_it.o
    0x08000142   0x00000002   Code   RO            2    i.DebugMon_Handler  stm32f10x_it.o
    0x08000144   0x00000078   Code   RO          176    i.DispNum           glcd.o
    0x080001bc   0x00000078   Code   RO          177    i.DrawSingleAscii   glcd.o
    0x08000234   0x000000c4   Code   RO          178    i.DrawSingleHz      glcd.o
    0x080002f8   0x0000003e   Code   RO          179    i.DrawString        glcd.o
    0x08000336   0x00000002   PAD
    0x08000338   0x00000038   Code   RO          180    i.FY_lcd_BackLight  glcd.o
    0x08000370   0x00000018   Code   RO          183    i.FY_lcd_SetCursor  glcd.o
    0x08000388   0x00000124   Code   RO          186    i.FY_lcd_Test       glcd.o
    0x080004ac   0x00000020   Code   RO          187    i.FYlcd_set_ctrl    glcd.o
    0x080004cc   0x00000058   Code   RO          189    i.GLCD_clear        glcd.o
    0x08000524   0x00000018   Code   RO          191    i.GLCD_displayChar  glcd.o
    0x0800053c   0x0000002a   Code   RO          192    i.GLCD_displayStringLn  glcd.o
    0x08000566   0x00000002   PAD
    0x08000568   0x00000080   Code   RO          193    i.GLCD_drawChar     glcd.o
    0x080005e8   0x0000010c   Code   RO          194    i.GLCD_init         glcd.o
    0x080006f4   0x00000050   Code   RO          119    i.GPIO_Config       main.o
    0x08000744   0x000000a2   Code   RO          608    i.GPIO_Init         stm32f10x_gpio.o
    0x080007e6   0x0000000e   Code   RO          612    i.GPIO_ReadInputDataBit  stm32f10x_gpio.o
    0x080007f4   0x00000004   Code   RO          615    i.GPIO_ResetBits    stm32f10x_gpio.o
    0x080007f8   0x00000004   Code   RO          616    i.GPIO_SetBits      stm32f10x_gpio.o
    0x080007fc   0x00000002   Code   RO            3    i.HardFault_Handler  stm32f10x_it.o
    0x080007fe   0x00000002   Code   RO            4    i.MemManage_Handler  stm32f10x_it.o
    0x08000800   0x00000002   Code   RO            5    i.NMI_Handler       stm32f10x_it.o
    0x08000802   0x00000002   Code   RO            6    i.PendSV_Handler    stm32f10x_it.o
    0x08000804   0x00000018   Code   RO          379    i.RCC_APB2PeriphClockCmd  stm32f10x_rcc.o
    0x0800081c   0x00000054   Code   RO          152    i.Read_25           25vf.o
    0x08000870   0x00000014   Code   RO         2339    i.SPI_Cmd           stm32f10x_spi.o
    0x08000884   0x0000000e   Code   RO         2347    i.SPI_I2S_GetFlagStatus  stm32f10x_spi.o
    0x08000892   0x00000004   Code   RO         2350    i.SPI_I2S_ReceiveData  stm32f10x_spi.o
    0x08000896   0x00000004   Code   RO         2351    i.SPI_I2S_SendData  stm32f10x_spi.o
    0x0800089a   0x00000038   Code   RO         2352    i.SPI_Init          stm32f10x_spi.o
    0x080008d2   0x00000002   PAD
    0x080008d4   0x00000034   Code   RO          153    i.SPI_WriteByte     25vf.o
    0x08000908   0x00000002   Code   RO            7    i.SVC_Handler       stm32f10x_it.o
    0x0800090a   0x00000002   PAD
    0x0800090c   0x000000a8   Code   RO         3245    i.SetSysClockTo72   system_stm32f10x.o
    0x080009b4   0x0000000c   Code   RO          339    i.SpiDelay          touch.o
    0x080009c0   0x00000002   Code   RO            8    i.SysTick_Handler   stm32f10x_it.o
    0x080009c2   0x00000002   PAD
    0x080009c4   0x00000040   Code   RO         3246    i.SystemInit        system_stm32f10x.o
    0x08000a04   0x0000002c   Code   RO            9    i.TIM2_IRQHandler   stm32f10x_it.o
    0x08000a30   0x00000006   Code   RO         2490    i.TIM_ClearITPendingBit  stm32f10x_tim.o
    0x08000a36   0x00000018   Code   RO         2516    i.TIM_GetITStatus   stm32f10x_tim.o
    0x08000a4e   0x00000002   PAD
    0x08000a50   0x0000004c   Code   RO          340    i.TPReadX           touch.o
    0x08000a9c   0x0000004c   Code   RO          341    i.TPReadY           touch.o
    0x08000ae8   0x00000002   Code   RO           10    i.UsageFault_Handler  stm32f10x_it.o
    0x08000aea   0x00000002   PAD
    0x08000aec   0x00000104   Code   RO          121    i.main              main.o
    0x08000bf0   0x00000090   Code   RO          154    i.spi_init          25vf.o
    0x08000c80   0x00000014   Code   RO          342    i.touch_GetAdXY     touch.o
    0x08000c94   0x00000020   Code   RO          343    i.touch_Init        touch.o
    0x08000cb4   0x00000010   Code   RO          311    i.wr_reg            glcd.o
    0x08000cc4   0x00000000   Data   RO         3321    Region$$Table       anon$$obj.o


    Execution Region RW_IRAM1 (Base: 0x20000000, Size: 0x00001f00, Max: 0x00010000, ABSOLUTE)

    Base Addr    Size         Type   Attr      Idx    E Section Name        Object

    0x20000000   0x00001afc   Data   RW          198    .data               glcd.o
    0x20001afc   0x00000004   PAD
    0x20001b00   0x00000400   Zero   RW         3295    STACK               startup_stm32f10x_md.o

