<html>
<body>
<pre>
<h1>µVision Build Log</h1>
<h2>Tool Versions:</h2>
IDE-Version: ¦ÌVision V5.16a
Copyright (C) 2015 ARM Ltd and ARM Germany GmbH. All rights reserved.
License Information: 53513 5, 153, LIC=PE7BS-LZ3JI-VDIKA-10Q1X-UZXPA-7RWDJ
 
Tool Versions:
Toolchain:       MDK-ARM Standard  Version: 5.16a
Toolchain Path:  D:\keil\ARM\ARMCC\Bin
C Compiler:      Armcc.exe V5.06 (build 20)
Assembler:       Armasm.exe V5.06 (build 20)
Linker/Locator:  ArmLink.exe V5.06 (build 20)
Library Manager: ArmAr.exe V5.06 (build 20)
Hex Converter:   FromElf.exe V5.06 (build 20)
CPU DLL:         SARMCM3.DLL V5.16a
Dialog DLL:      DARMSTM.DLL V1.65.0.0
Target DLL:      Segger\JL2CM3.dll V2.99.15.2
Dialog DLL:      TARMSTM.DLL V1.64.0.0
 
<h2>Project:</h2>
C:\Users\12645\Documents\test_for_stm\stm32F103VCT6+GL21_fontLibrary+touch\Project\Template\RVMDK\Project.uvproj
Project File Date:  11/15/2015

<h2>Output:</h2>
*** Using Compiler 'V5.06 (build 20)', folder: 'D:\keil\ARM\ARMCC\Bin'
Build target 'STM3210B-EVAL'
compiling stm32f10x_it.c...
compiling main.c...
compiling 25vf.c...
compiling touch.c...
compiling delay.c...
compiling GLCD.c...
compiling stm32f10x_gpio.c...
compiling stm32f10x_rcc.c...
compiling misc.c...
compiling stm32f10x_bkp.c...
compiling stm32f10x_adc.c...
compiling stm32f10x_can.c...
compiling stm32f10x_crc.c...
compiling stm32f10x_dbgmcu.c...
compiling stm32f10x_dac.c...
compiling stm32f10x_exti.c...
compiling stm32f10x_dma.c...
compiling stm32f10x_flash.c...
compiling stm32f10x_iwdg.c...
compiling stm32f10x_fsmc.c...
compiling stm32f10x_i2c.c...
compiling stm32f10x_pwr.c...
compiling stm32f10x_rtc.c...
compiling stm32f10x_sdio.c...
compiling stm32f10x_spi.c...
compiling stm32f10x_usart.c...
compiling stm32f10x_tim.c...
compiling stm32f10x_wwdg.c...
compiling core_cm3.c...
compiling system_stm32f10x.c...
linking...
Program Size: Code=3296 RO-data=272 RW-data=6912 ZI-data=1024  
FromELF: creating hex file...
".\Obj\STM3210B-EVAL.axf" - 0 Error(s), 0 Warning(s).
Build Time Elapsed:  00:00:13
</pre>
</body>
</html>
