<html>
<body>
<pre>
<h1>µVision Build Log</h1>
<h2>Project:</h2>
D:\´´Òµ\¹âÅÌ\65KÏµÁÐstm32F103VCT6-×Ö¿â+´¥Ãþ\stm32F103VCT6+GL21×Ö¿â+´¥Ãþ\Project\Template\RVMDK\Project.uvproj
Project File Date:  04/18/2011

<h2>Output:</h2>
Load "D:\\´´Òµ\\¹âÅÌ\\65KÏµÁÐstm32F103VCT6-×Ö¿â+´¥Ãþ\\stm32F103VCT6+GL21×Ö¿â+´¥Ãþ\\Project\\Template\\RVMDK\\Obj\\STM3210B-EVAL.AXF" 

JLink info:
-----------
DLL: V4.11i, compiled Jan 28 2010 19:55:25
Firmware: J-Link ARM V8 compiled Sep 22 2011 16:23:23
Hardware: V8.00
S/N : 805306163 
Feature(s) : RDI,FlashDL,FlashBP,JFlash,GDBFull 
---
* JLink Info: Found SWD-DP with ID 0x1BA01477
* JLink Info: TPIU fitted.
* JLink Info: ETM fitted.
* JLink Info:   FPUnit: 6 code (BP) slots and 2 literal slots
* JLink Info: Found SWD-DP with ID 0x1BA01477
* JLink Info: TPIU fitted.
* JLink Info: ETM fitted.
* JLink Info:   FPUnit: 6 code (BP) slots and 2 literal slots

Target info:
------------
Device: STM32F103ZE
VTarget = 3.306V
State of Pins: 
TCK: 0, TDI: 1, TDO: 0, TMS: 0, TRES: 1, TRST: 1
* JLink Info: Found SWD-DP with ID 0x1BA01477
* JLink Info: TPIU fitted.
* JLink Info: ETM fitted.
* JLink Info:   FPUnit: 6 code (BP) slots and 2 literal slots
Hardware-Breakpoints: 6
Software-Breakpoints: 2048
Watchpoints:          4
JTAG speed: 2000 kHz
---
* JLink Info: Found SWD-DP with ID 0x1BA01477
* JLink Info: TPIU fitted.
* JLink Info: ETM fitted.
* JLink Info:   FPUnit: 6 code (BP) slots and 2 literal slots
Erase Done.
Programming Done.
Verify OK.
Build target 'STM3210B-EVAL'
compiling stm32f10x_it.c...
compiling main.c...
compiling 25vf.c...
compiling GLCD.c...
compiling touch.c...
compiling stm32f10x_rcc.c...
Project build/rebuild aborted.
Target not created
Build target 'STM3210B-EVAL'
compiling stm32f10x_gpio.c...
compiling misc.c...
compiling stm32f10x_adc.c...
compiling stm32f10x_bkp.c...
compiling stm32f10x_can.c...
compiling stm32f10x_crc.c...
compiling stm32f10x_dac.c...
compiling stm32f10x_dbgmcu.c...
compiling stm32f10x_dma.c...
compiling stm32f10x_exti.c...
compiling stm32f10x_flash.c...
compiling stm32f10x_fsmc.c...
compiling stm32f10x_i2c.c...
compiling stm32f10x_iwdg.c...
compiling stm32f10x_pwr.c...
compiling stm32f10x_rtc.c...
compiling stm32f10x_sdio.c...
compiling stm32f10x_spi.c...
compiling stm32f10x_tim.c...
compiling stm32f10x_usart.c...
compiling stm32f10x_wwdg.c...
compiling system_stm32f10x.c...
compiling core_cm3.c...
assembling startup_stm32f10x_md.s...
linking...
Program Size: Code=3064 RO-data=268 RW-data=6908 ZI-data=1028  
FromELF: creating hex file...
".\Obj\STM3210B-EVAL.axf" - 0 Error(s), 0 Warning(s).
Load "D:\\´´Òµ\\¹âÅÌ\\65KÏµÁÐstm32F103VCT6-×Ö¿â+´¥Ãþ\\stm32F103VCT6+GL21×Ö¿â+´¥Ãþ\\Project\\Template\\RVMDK\\Obj\\STM3210B-EVAL.AXF" 

JLink info:
-----------
DLL: V4.11i, compiled Jan 28 2010 19:55:25
Firmware: J-Link ARM V8 compiled Sep 22 2011 16:23:23
Hardware: V8.00
S/N : 805306163 
Feature(s) : RDI,FlashDL,FlashBP,JFlash,GDBFull 
---
* JLink Info: Found SWD-DP with ID 0x1BA01477
* JLink Info: TPIU fitted.
* JLink Info: ETM fitted.
* JLink Info:   FPUnit: 6 code (BP) slots and 2 literal slots
* JLink Info: Found SWD-DP with ID 0x1BA01477
* JLink Info: TPIU fitted.
* JLink Info: ETM fitted.
* JLink Info:   FPUnit: 6 code (BP) slots and 2 literal slots

Target info:
------------
Device: STM32F103ZE
VTarget = 3.306V
State of Pins: 
TCK: 0, TDI: 1, TDO: 0, TMS: 0, TRES: 1, TRST: 1
* JLink Info: Found SWD-DP with ID 0x1BA01477
* JLink Info: TPIU fitted.
* JLink Info: ETM fitted.
* JLink Info:   FPUnit: 6 code (BP) slots and 2 literal slots
Hardware-Breakpoints: 6
Software-Breakpoints: 2048
Watchpoints:          4
JTAG speed: 2000 kHz
---
* JLink Info: Found SWD-DP with ID 0x1BA01477
* JLink Info: TPIU fitted.
* JLink Info: ETM fitted.
* JLink Info:   FPUnit: 6 code (BP) slots and 2 literal slots
Erase Done.
Programming Done.
Verify OK.
